{
  "round": 2,
  "report_outcome": "completed",
  "gate_result": "pass",
  "stopped": "killed",
  "report_note": "noreport unmarked",
  "switches": [
    "switched builder (rate-limited: 429): picked agy/test/m for builder: order #2",
    "switched builder (rate-limited: 429): picked claude/test/m for builder: order #5"
  ],
  "diff_note": "refactored remote wire",
  "diff_commits": 2,
  "diff_tree": "5555666677778888999900001111222233334444",
  "dirty_commit": "4444555566667777888899990000111122223333",
  "usage": {
    "harness": "opencode",
    "provider": "anthropic",
    "model": "claude-sonnet-5",
    "duration_ms": 12500,
    "tokens": {
      "in": 1000,
      "cache_read": 3000,
      "cache_write": 500,
      "out": 250
    },
    "cost": {
      "usd": 0.05,
      "basis": "measured",
      "plan": true
    },
    "samples": 2,
    "steps": 5,
    "tool_calls": 3,
    "step_p50_ms": 1200,
    "first_output_p50_ms": 400,
    "note": "sample note"
  },
  "rusage": {
    "cpu_ms": 2500,
    "peak_mem_bytes": 52428800
  },
  "prior_tokens": {
    "in": 100,
    "cache_read": 200,
    "cache_write": 50,
    "out": 25
  }
}
