{
  "name": "test-binding",
  "repo_id": "0123456789abcdef0123456789abcdef0123456789abcdef0123456789abcdef",
  "base_commit": "1111222233334444555566667777888899990000",
  "candidate": "agy/openai/gpt-4",
  "round_cap": 10,
  "round_timeout_ms": 60000,
  "tier": "edit",
  "actor": "builder",
  "feature": "auth",
  "ticket": "o/r#607",
  "author": {
    "name": "Test Builder",
    "email": "builder@example.com"
  }
}
