{
  "name": "test-binding",
  "state": "active",
  "round": 2,
  "round_state": "running",
  "closed_round": 1,
  "halt": "user-requested halt",
  "result_commit": "3333444455556666777788889999000011112222",
  "dirty_commit": "4444555566667777888899990000111122223333",
  "report_outcome": "completed",
  "stopped": "killed",
  "diff_note": "refactored remote wire",
  "diff_commits": 2,
  "diff_tree": "5555666677778888999900001111222233334444",
  "acked_round": 1,
  "candidate": "agy/openai/gpt-4",
  "round_started_at": "2026-01-02T03:04:05Z",
  "round_cap": 10,
  "round_timeout_ms": 60000,
  "tier": "edit",
  "feature": "auth",
  "ticket": "o/r#607",
  "usage": {
    "harness": "opencode",
    "provider": "anthropic",
    "model": "claude-sonnet-5",
    "duration_ms": 12500,
    "tokens": {
      "in": 1000,
      "cache_read": 3000,
      "cache_write": 500,
      "out": 250
    },
    "cost": {
      "usd": 0.05,
      "basis": "measured",
      "plan": true
    },
    "samples": 2,
    "steps": 5,
    "tool_calls": 3,
    "step_p50_ms": 1200,
    "first_output_p50_ms": 400,
    "note": "sample note"
  },
  "rusage": {
    "cpu_ms": 2500,
    "peak_mem_bytes": 52428800
  },
  "prior_tokens": {
    "in": 50,
    "cache_read": 100,
    "cache_write": 20,
    "out": 10
  },
  "stalled_since": "2026-01-02T03:04:05Z",
  "queue": {
    "position": 2,
    "ahead": 1,
    "running": 3,
    "cap": 5,
    "since": "2026-01-02T03:04:05Z"
  },
  "live": {
    "at": "2026-01-02T03:04:05Z",
    "pid": 4242,
    "started_at": "2026-01-02T03:04:05Z",
    "exit_code": "0",
    "tail": [
      "output line 1",
      "output line 2"
    ],
    "usage": {
      "harness": "opencode",
      "provider": "anthropic",
      "model": "claude-sonnet-5",
      "duration_ms": 12500,
      "tokens": {
        "in": 1000,
        "cache_read": 3000,
        "cache_write": 500,
        "out": 250
      },
      "cost": {
        "usd": 0.05,
        "basis": "measured",
        "plan": true
      },
      "samples": 2,
      "steps": 5,
      "tool_calls": 3,
      "step_p50_ms": 1200,
      "first_output_p50_ms": 400,
      "note": "sample note"
    },
    "prior_tokens": {
      "in": 100,
      "cache_read": 200,
      "cache_write": 50,
      "out": 25
    },
    "diff": {
      "files": 3,
      "added": 42,
      "removed": 7
    },
    "last_progress_at": "2026-01-02T03:04:05Z",
    "exploring_since": "2026-01-02T03:04:05Z",
    "gating_since": "2026-01-02T03:04:05Z"
  }
}
