{
  "id": "SHA256:fixed-test-client-id-00000000000000000000000",
  "label": "test-client",
  "server_version": 1,
  "transports": [
    "git-bundle"
  ],
  "features": [
    "tier",
    "queue",
    "stop",
    "readers"
  ],
  "default_tier": "edit",
  "max_tier": "yolo",
  "runners": {
    "running": 2,
    "queued": 1,
    "cap": 4,
    "scopes": true,
    "slice": "relevo.slice",
    "quota": "200%",
    "isolation": "container",
    "image": "registry.example/relevo-builder:latest"
  },
  "installation": "01SERVERINSTALLATION0000000",
  "installation_label": "zen"
}
