  ◆ relevo   actors ›  documentor                                                                              v0.13.0-28    14:02  
                                                                                                                                    
   documentor · writer   tier yolo   1 candidates   next pick sonnet                                                                
                                                                                                                                    
    #  CANDIDATE                                                                         HARNESS   PROVIDER    STATUS               
    1  sonnet                                                                            claude    anthropic   ready  next pick     
                                                                                                                                    
    #  PLACEMENT                                                                                                                    
   local  default                                                                                                                   
                                                                                                                                    
                                                                                                                                    
   check after each round is on, but no check command is set; set one in :settings                                                  
   scope @docs + comments                                                                                                           
                                                                                                                                    
                                                                                                                                    
                                                                                                                                    
                                                                                                                                    
                                                                                                                                    
                                                                                                                                    
                                                                                                                                    
                                                                                                                                    
                                                                                                                                    
                                                                                                                                    
                                                                                                                                    
                                                                                                                                    
                                                                                                                                    
                                                                                                                                    
                                                                                                                                    
                                                                                                                                    
                                                                                                                                    
                                                                                                                                    
                                                                                                                                    

 ↑↓  move      shift+↑↓  reorder      space  on / off      a  add      d  remove      :  command      ?  all keys      esc  back    