  ◆ relevo   actors ›  builder                                                                                 v0.13.0-28    14:02  
                                                                                                                                    
   plan-executor · writer   tier yolo   6 candidates   next pick sonnet                                                             
                                                                                                                                    
    #  CANDIDATE                                                                         HARNESS   PROVIDER    STATUS               
    1  gemini-3.8-flash-high                                                             agy       google      gated                
    2  claude-sonnet-4-6                                                                 agy       agy-extra   gated 20h            
    3  deepseek-v4.1-flash                                                               opencode  cline-pass  gated 1d             
    4  gpt-5.6-terra                                                                     codex     openai      gated 24d            
    5  sonnet                                                                            claude    anthropic   ready  next pick     
    6  glm-5.3-flash                                                                     opencode  openrouter  ready                
                                                                                                                                    
                                                                                                                                    
   check after each round is on, but no check command is set; set one in :settings                                                  
                                                                                                                                    
                                                                                                                                    
                                                                                                                                    
                                                                                                                                    
                                                                                                                                    
                                                                                                                                    
                                                                                                                                    
                                                                                                                                    
                                                                                                                                    
                                                                                                                                    
                                                                                                                                    
                                                                                                                                    
                                                                                                                                    
                                                                                                                                    
                                                                                                                                    
                                                                                                                                    
                                                                                                                                    
                                                                                                                                    

 ↑↓  move      shift+↑↓  reorder      space  on / off      a  add      d  remove      :  command      ?  all keys      esc  back    