  ◆ relevo   agents ›  security-reviewer                                                                       v0.13.0-28    14:02  
                                                                                                                                    
   shipped · reader · no actor uses it   4 harnesses                                                                                
                                                                                                                                    
   HARNESS   FILE                                                                    MODEL                           STATE          
   agy       ~/.gemini/config/agents/security-reviewer.md                                                            up to date     
   claude    ~/.claude/agents/security-reviewer.md                                                                   up to date     
   codex     ~/.codex/security-reviewer.config.toml                                                                  up to date     
   opencode  ~/.config/opencode/agents/security-reviewer.md                                                          up to date     
                                                                                                                                    
                                                                                                                                    
                                                                                                                                    
                                                                                                                                    
                                                                                                                                    
                                                                                                                                    
                                                                                                                                    
                                                                                                                                    
                                                                                                                                    
                                                                                                                                    
                                                                                                                                    
                                                                                                                                    
                                                                                                                                    
                                                                                                                                    
                                                                                                                                    
                                                                                                                                    
                                                                                                                                    
                                                                                                                                    
                                                                                                                                    
                                                                                                                                    
                                                                                                                                    
                                                                                                                                    
                                                                                                                                    

 ↑↓  move      e  edit in $EDITOR      r  reset      :  command      ?  all keys      esc  back                                     