  ◆ relevo   agents ›  researcher                                                                              v0.13.0-28    14:02  
                                                                                                                                    
   shipped · reader · used by builder, researcher   4 harnesses                                                                     
                                                                                                                                    
   HARNESS   FILE                                                                    MODEL                           STATE          
   agy       ~/.gemini/config/agents/researcher.md                                   inherit                         up to date     
   claude    ~/.claude/agents/researcher.md                                          haiku                           edit + newer   
   codex     ~/.codex/researcher.config.toml                                         gpt-5.6-luna                    up to date     
   opencode  ~/.config/opencode/agents/researcher.md                                 openrouter/z-ai/glm-5.3-flash   up to date     
                                                                                                                                    
                                                                                                                                    
   claude   ~/.claude/agents/researcher.md                                                                                          
   edit + newer  you edited this file, and this relevo ships a newer copy                                                           
   e shows your edit; r replaces it with the newer copy                                                                             
                                                                                                                                    
                                                                                                                                    
                                                                                                                                    
                                                                                                                                    
                                                                                                                                    
                                                                                                                                    
                                                                                                                                    
                                                                                                                                    
                                                                                                                                    
                                                                                                                                    
                                                                                                                                    
                                                                                                                                    
                                                                                                                                    
                                                                                                                                    
                                                                                                                                    
                                                                                                                                    
                                                                                                                                    
                                                                                                                                    

 ↑↓  move      e  edit in $EDITOR      r  reset      :  command      ?  all keys      esc  back                                     