  ◆ relevo   agents ›  researcher                                                                              v0.13.0-28    14:02  
                                                                                                                                    
   shipped · reader · used by builder, researcher   4 harnesses                                                                     
                                                                                                                                    
   HARNESS   FILE                                                                    MODEL                           STATE          
   agy       ~/.gemini/config/agents/researcher.md                                   inherit                         up to date     
   claude    ~/.claude/agents/researcher.md                                          haiku                           your edit      
   codex     ~/.codex/researcher.config.toml                                         gpt-5.6-luna                    up to date     
   opencode  ~/.config/opencode/agents/researcher.md                                 openrouter/z-ai/glm-5.3-flash   up to date     
                            ╭─ reset ──────────────────────────────────────────────────────────────────╮                            
                            │                                                                          │                            
                            │ Reset claude's researcher?                                               │                            
                            │                                                                          │                            
                            │ overwrites ~/.claude/agents/researcher.md                                │                            
                            │            with the copy this relevo ships; your edit is lost            │                            
                            │                                                                          │                            
                            │  y  reset       n  cancel      any other key cancels                     │                            
                            │                                                                          │                            
                            ╰──────────────────────────────────────────────────────────────────────────╯                            
                                                                                                                                    
                                                                                                                                    
                                                                                                                                    
                                                                                                                                    
                                                                                                                                    
                                                                                                                                    
                                                                                                                                    
                                                                                                                                    
                                                                                                                                    
                                                                                                                                    
                                                                                                                                    
                                                                                                                                    
                                                                                                                                    

 y  reset      n  cancel                                                                                                            