  ◆ relevo    agents                                                                                           v0.13.0-28    14:02  
                                                                                                                                    
   6 agents   1 writer   5 readers                                                                                                  
                                                                                                                                    
   AGENT                                             SHAPE   SOURCE   USED BY              AGY       CLAUDE    CODEX     OPENCODE   
   plan-executor                                     writer  shipped  builder              ok        ok        ok        ok         
   reviewer                                          reader  shipped  reviewer             ok        ok        ok        ok         
   security-reviewer                                 reader  shipped  no actor             ok        ok        ok        ok         
   researcher                                        reader  shipped  builder, researcher  ok        ok        ok        ok         
   architect                                         reader  shipped  no actor             ok        ok        ok        ok         
   security-reviewer                                 reader  shipped  no actor             ok        ok        ok        ok         
                                                                                                                                    
                                                                                                                                    
   architect   shipped · reader · no actor uses it                                                                                  
   agy       ~/.gemini/config/agents/architect.md          up to date                                                               
   claude    ~/.claude/agents/architect.md                 up to date                                                               
   codex     ~/.codex/architect.config.toml                up to date                                                               
   opencode  ~/.config/opencode/agents/architect.md        up to date                                                               
                                                                                                                                    
                                                                                                                                    
                                                                                                                                    
                                                                                                                                    
                                                                                                                                    
                                                                                                                                    
                                                                                                                                    
                                                                                                                                    
                                                                                                                                    
                                                                                                                                    
                                                                                                                                    
                                                                                                                                    
                                                                                                                                    
                                                                                                                                    

 ↑↓  move      enter  open      d  delete      :  command      ?  all keys      q  quit                                             