  ◆ relevo   audit ›  #2                                                                                       v0.13.0-28    14:02  
                                                                                                                                    
   migration · Sep 14 21:52 · candidate names derived                                                                               
                                                                                                                                    
   + gemini-3.8-flash-high name   gemini-3.8-flash-high                                                                             
   + claude-sonnet-4-6 name   claude-sonnet-4-6                                                                                     
   + sonnet name   sonnet                                                                                                           
   + haiku name   haiku                                                                                                             
   + glm-5.3-flash name   glm-5.3-flash                                                                                             
   + deepseek-v4.1-flash name   deepseek-v4.1-flash                                                                                 
   + gpt-5.6-terra name   gpt-5.6-terra                                                                                             
                                                                                                                                    
                                                                                                                                    
                                                                                                                                    
                                                                                                                                    
                                                                                                                                    
                                                                                                                                    
                                                                                                                                    
                                                                                                                                    
                                                                                                                                    
                                                                                                                                    
                                                                                                                                    
                                                                                                                                    
                                                                                                                                    
                                                                                                                                    
                                                                                                                                    
                                                                                                                                    
                                                                                                                                    
                                                                                                                                    
                                                                                                                                    
                                                                                                                                    
                                                                                                                                    

 R  roll back to here      :  command      ?  all keys      esc  back                                                               