  ◆ relevo    candidates                                                                                       v0.13.0-28    14:02  
                                                                                                                                    
   7 candidates   3 ready   4 gated                                                                                  sort pick order
                                                                                                                                    
   CANDIDATE                         HARNESS   PROVIDER    MODEL                                SERVES                  STATUS      
   gemini-3.8-flash-high             agy       google      gemini-3.8-flash-high                builder 1               gated       
   claude-sonnet-4-6                 agy       agy-extra   claude-sonnet-4-6                    builder 2               gated 20h   
   deepseek-v4.1-flash               opencode  cline-pass  cline-pass/deepseek-v4.1-flash#high  builder 3               gated 1d    
   gpt-5.6-terra                     codex     openai      gpt-5.6-terra:high                   builder 4 · reviewer 2  gated 24d   
   sonnet                            claude    anthropic   sonnet                               builder 5 · reviewer 1  ready       
   glm-5.3-flash                     opencode  openrouter  z-ai/glm-5.3-flash                   builder 6               ready       
   haiku                             claude    anthropic   haiku                                researcher 1            ready       
                                                                                                                                    
                                                                                                                                    
   gemini-3.8-flash-high   agy · google · gemini-3.8-flash-high                                                                     
   gated since 13:17, until cleared   Individual quota reached                                                                      
   the builder's first pick; while it is gated the builder takes sonnet                                                             
                                                                                                                                    
                                                                                                                                    
                                                                                                                                    
                                                                                                                                    
                                                                                                                                    
                                                                                                                                    
                                                                                                                                    
                                                                                                                                    
                                                                                                                                    
                                                                                                                                    
                                                                                                                                    
                                                                                                                                    
                                                                                                                                    
                                                                                                                                    
                                                                                                                                    

 enter  edit      a  add      d  delete      g  gate      u  ungate      p  probe      :  command      ?  all keys      q  quit     