  ◆ relevo    candidates                                                                                       v0.13.0-28    14:02  
                                                                                                                                    
   7 candidates   3 ready   4 gated                                                                                  sort pick order
                                                                                                                                    
   CANDIDATE                         HARNESS   PROVIDER    MODEL                                SERVES                  STATUS      
   gemini-3.8-flash-high             agy       google      gemini-3.8-flash-high                builder 1               gated       
   claude-sonnet-4-6                 agy       agy-extra   claude-sonnet-4-6                    builder 2               gated 20h   
   deepseek-v4.1-flash               opencode  cline-pass  cline-pass/deepseek-v4.1-flash#high  builder 3               gated 1d    
   gpt-5.6-terra   ╭─ edit glm-5.3-flash ───────────────────────────────────────────────────────────────────────╮wer 2  gated 24d   
   sonnet          │                                                                                            │wer 1  ready       
   glm-5.3-flash   │ harness     agy    claude    codex    opencode                                             │       ready       
   haiku           │                                                                                            │       ready       
                   │ provider   openrouter/z-ai                                                                 │                   
                   │            a provider is one word, with no /                                               │                   
   glm-5.3-flash   │                                                                                            │                   
   the builder's si│ model      z-ai/glm-5.3-flash                                                              │                   
                   │                                                                                            │                   
                   │ name       glm-5.3-flash                                                                   │                   
                   │                                                                                            │                   
                   │                                                                                            │                   
                   │  enter  save       tab  next field       esc  cancel                                       │                   
                   ╰────────────────────────────────────────────────────────────────────────────────────────────╯                   
                                                                                                                                    
                                                                                                                                    
                                                                                                                                    
                                                                                                                                    
                                                                                                                                    
                                                                                                                                    
                                                                                                                                    
                                                                                                                                    
                                                                                                                                    
                                                                                                                                    

 enter  save      tab  next field      esc  cancel                                                                                  