  ◆ relevo    candidates                                                                                       v0.13.0-28    14:02  
                                                                                                                                    
   7 candidates   3 ready   4 gated                                                                                  sort pick order
                                                                                                                                    
   CANDIDATE                         HARNESS   PROVIDER    MODEL                                SERVES                  STATUS      
   gemini-3.8-flash-high             agy       google      gemini-3.8-flash-high                builder 1               gated       
   claude-sonnet-4-6                 agy       agy-extra   claude-sonnet-4-6                    builder 2               gated 20h   
   deepseek-v4.1-flash               opencode  cline-pass  cline-pass/deepseek-v4.1-flash#high  builder 3               gated 1d    
   gpt-5.6-terra            ╭─ delete ─────────────────────────────────────────────────────────────────╮4 · reviewer 2  gated 24d   
   sonnet                   │                                                                          │5 · reviewer 1  ready       
   glm-5.3-flash            │ Delete gpt-5.6-terra?                                                    │6               ready       
   haiku                    │                                                                          │er 1            ready       
                            │ picked by  builder 4 · reviewer 2   both drop it                         │                            
                            │            the reviewer is left with sonnet                              │                            
   gpt-5.6-terra   codex · o│ kept       openai's gate, until Oct 11 14:02                             │                            
   gated since 14:02, until │            its past rounds in :rounds and :stats                         │                            
   the builder's fourth pick│                                                                          │                            
                            │  y  delete       n  cancel      any other key cancels                    │                            
                            │                                                                          │                            
                            ╰──────────────────────────────────────────────────────────────────────────╯                            
                                                                                                                                    
                                                                                                                                    
                                                                                                                                    
                                                                                                                                    
                                                                                                                                    
                                                                                                                                    
                                                                                                                                    
                                                                                                                                    
                                                                                                                                    
                                                                                                                                    
                                                                                                                                    
                                                                                                                                    

 y  delete      n  cancel                                                                                                           