  ◆ relevo   chains ›  feature-auth                                                                            v0.13.0-28    14:02  
                                                                                                                                    
   running                                                                                                                 review   
                                                                                                                                    
   STEP    KIND      ACTOR             VISITS  LAST OUTCOME                                                                         
   build   run       builder           2       build r2 · done                                                                      
   review  run       reviewer          1       review r1 · verdict=changes                                                          
   check   check     —                 1       check · red → repair                                                                 
   repair  run       builder           —       —                                                                                    
                                                                                                                                    
                                                                                                                                    
                                                                                                                                    
                                                                                                                                    
                                                                                                                                    
                                                                                                                                    
                                                                                                                                    
                                                                                                                                    
                                                                                                                                    
                                                                                                                                    
                                                                                                                                    
                                                                                                                                    
                                                                                                                                    
                                                                                                                                    
                                                                                                                                    
                                                                                                                                    
                                                                                                                                    
                                                                                                                                    
                                                                                                                                    
                                                                                                                                    
                                                                                                                                    
                                                                                                                                    
                                                                                                                                    

 ↑↓  move      enter  open round      t  trace      :  command      ?  all keys      esc  back                                      