  ◆ relevo   chains › feature-auth ›  trace                                    v0.13.0-28    14:02  
                                                                                                    
   3 events                                                                                         
   build r1 → review                                                                             
   review r1  verdict=changes → check                                                            
   check run 1  result=red → repair                                                              
                                                                                                 
                                                                                                 
                                                                                                 
                                                                                                 
                                                                                                 
                                                                                                 
                                                                                                 
                                                                                                 
                                                                                                 
                                                                                                 
                                                                                                 
                                                                                                 
                                                                                                 
                                                                                                 
                                                                                                 
                                                                                                 
                                                                                                 
                                                                                                 
                                                                                                 
                                                                                                 
                                                                                                 
                                                                                                 

 ↑↓  scroll      :  command      ?  all keys      esc  back                                         