  ◆ relevo    fleet                                                                                  ● 1 needs you     v0.13.0-28    14:02  
                                                                                                                                            
   5 live   1 needs you   3 working   1 on hold   1 done                                                   sort attention · refreshed 0s ago
                                                                                                                                            
 ╭─ atlas  round 4 · working ─────────────────────────────────────────────────────────────────────────────────────────────────────────────╮ 
 │  MasterMind architect-1  ·  -  ·  relevo/atlas  ·  $0.16                                                                               │ 
 │                                                                                                                                        │ 
 │    enter  open round       x  stop       g  gate       o  shell                                                                        │ 
 ╰────────────────────────────────────────────────────────────────────────────────────────────────────────────────────────────────────────╯ 
                                                                                                                                            
     needs you   1    a builder is waiting on an answer                                                                                     
   ●  webshop             r4 · q╭─ stop ───────────────────────────────────────────────────────────────────╮                                
        ╰ which branch should r4│                                                                          │                                
                                │ Stop atlas round 4?                                                      │                                
     working   3    a round is r│                                                                          │                                
   ●  api                 r2 · w│ MasterMind architect-1 is waiting on this round                          │                                
 ▍ ●  atlas               r4 · w│ builder on - · working · $0.16                                           │                                
   ●  worker              r2 · w│                                                                          │                                
                                │  y  stop the round       n  cancel      any other key cancels            │                                
     on hold   1    paused or he│                                                                          │                                
   ◐  ledger              r3 · p╰──────────────────────────────────────────────────────────────────────────╯                                
                                                                                                                                            
   ✓  1 done  ·  1 today  ·  last docs 3h ago       .  show                                                                                 
                                                                                                                                            
                                                                                                                                            
                                                                                                                                            
                                                                                                                                            
                                                                                                                                            
                                                                                                                                            
                                                                                                                                            
                                                                                                                                            
                                                                                                                                            
                                                                                                                                            
                                                                                                                                            
                                                                                                                                            
                                                                                                                                            
                                                                                                                                            
   ◌ gated  codex 1h  ·  the pick skips them                                                                                                

 y  stop the round      n  cancel                                                                                                           