  ◆ relevo    fleet                                                                                                    v0.13.0-28    14:02  
                                                                                                                                            
   0 live                                                                                                  sort attention · refreshed 0s ago
no bindings                                                                                                                                 
                                                                                                                                            
  relevo bind                   put a builder on this tree                                                                                  
  relevo bind --worktree        put a builder on its own worktree                                                                           
  relevo config                 list what can be bound                                                                                      
                                                                                                                                            
                                                                                                                                            
                                                                                                                                            
                                                                                                                                            
                                                                                                                                            
                                                                                                                                            
                                                                                                                                            
                                                                                                                                            
                                                                                                                                            
                                                                                                                                            
                                                                                                                                            
                                                                                                                                            
                                                                                                                                            
                                                                                                                                            
                                                                                                                                            
                                                                                                                                            
                                                                                                                                            
                                                                                                                                            
                                                                                                                                            
                                                                                                                                            
                                                                                                                                            
                                                                                                                                            
                                                                                                                                            
                                                                                                                                            
                                                                                                                                            
                                                                                                                                            
                                                                                                                                            
                                                                                                                                            
                                                                                                                                            
                                                                                                                                            

 enter  open      /  filter      a  sort      :  command      ?  all keys      q  quit                                                      