  ◆ relevo    fleet                      ● 1 needs you     v0.13.0-28    14:02  
                                                                                
   5 live   1 needs you   3 working   1 on hold   1 done                        
                                                                                
 ╭─ webshop  round 4 · question · 2m ─────────────────────────────────────────╮ 
 │  MasterMind architect-1  ·  -  ·  relevo/webshop  ·  $9.40                 │ 
 │                                                                            │ 
 │    enter  open round                                                       │ 
 ╰────────────────────────────────────────────────────────────────────────────╯ 
                                                                                
     needs you   1    a builder is waiting on an answer                         
 ▍ ●  webshop             r4 · question · 2m      -                        $9.40
        ╰ which branch should r4 target?                                        
                                                                                
     working   3    a round is running                                          
   ●  api                 r2 · working            -                             
   ●  atlas               r4 · working            -                        $0.16
   ●  worker              r2 · working            opencode-1                    
                                                                                
     on hold   1    paused or held                                              
   ◐  ledger              r3 · paused             -                       ~$1.63
                                                                                
   ✓  1 done  ·  1 today  ·  last docs 3h ago       .  show                     
                                                                                
                                                                                
                                                                                
                                                                                
   ◌ gated  codex 1h  ·  the pick skips them                                    

 enter  open      /  filter      :  command      ?  all keys      q  quit       