  ◆ relevo    fleet                                                                                  ● 1 needs you     v0.13.0-28    14:02  
                                                                                                                                            
   5 live   1 needs you   3 working   1 on hold   1 done                                    filter "web" · sort attention · refreshed 0s ago
                                                                                                                                            
 ╭─ webshop  round 4 · question · 2m ─────────────────────────────────────────────────────────────────────────────────────────────────────╮ 
 │  MasterMind architect-1  ·  -  ·  relevo/webshop  ·  $9.40                                                                             │ 
 │                                                                                                                                        │ 
 │    enter  open round                                                                                                                   │ 
 ╰────────────────────────────────────────────────────────────────────────────────────────────────────────────────────────────────────────╯ 
                                                                                                                                            
     needs you   1    a builder is waiting on an answer                                                                                     
 ▍ ●  webshop             r4 · question · 2m      -                       architect-1    $9.40                                              
        ╰ which branch should r4 target?                                                                                                    
                                                                                                                                            
                                                                                                                                            
                                                                                                                                            
                                                                                                                                            
                                                                                                                                            
                                                                                                                                            
                                                                                                                                            
                                                                                                                                            
                                                                                                                                            
                                                                                                                                            
                                                                                                                                            
                                                                                                                                            
                                                                                                                                            
                                                                                                                                            
                                                                                                                                            
                                                                                                                                            
                                                                                                                                            
                                                                                                                                            
                                                                                                                                            
                                                                                                                                            
                                                                                                                                            
                                                                                                                                            
                                                                                                                                            
                                                                                                                                            
   ◌ gated  codex 1h  ·  the pick skips them                                                                                                

 enter  open      /  filter      a  sort      :  command      ?  all keys      q  quit                                                      