  ◆ relevo    fleet                                                                          ● 1 needs you     v0.13.0-28    14:02  
                                                                                                                                    
   7 live   1 needs you   2 working   4 idle   27 done                                             sort attention · refreshed 0s ago
                                                                                                                                    
 ╭─ fix-433  round 2 · question · 3m ─────────────────────────────────────────────────────────────────────────────────────────────╮ 
 │  MasterMind architect-3  ·  deepseek-v4.1-flash  ·  relevo/fix-433  ·  +2 commits  ·  $0.03                                    │ 
 │                                                                                                                                │ 
 │    enter  open round       s  send the next plan       o  shell       x  stop                                                  │ 
 ╰────────────────────────────────────────────────────────────────────────────────────────────────────────────────────────────────╯ 
                                                                                                                                    
     needs you   1    a builder is waiting on an answer                                                                             
 ▍ ●  fix-433             r2 · question · 3m      deepseek-v4.1-flash     architect-3    $0.03                                      
        ╰ “Should the dedupe also cover archived bindings, or only live ones?”                                                      
                                                                                                                                    
     working   2    a round is running                                                                                              
   ●  spool-db            r1 · quiet 17s · 5m     gemini-3.8-flash-high   architect-2     plan                                      
   ●  tok-seg             r1 · quiet 16s · 6m     gemini-3.8-flash-high   architect-5     plan                                      
                                                                                                                                    
     idle   4    finished, waiting for the next plan                                                                                
   ○  oc-tui-a            r6 · reported 14m       deepseek-v4.1-flash     architect-3    $0.20                                      
   ○  oc-tui-probe        r4 · reported 48m       gemini-3.8-flash-high   architect-3     plan                                      
   ○  rl-tail             r2 · reported 31m       gemini-3.8-flash-high   architect-5     plan                                      
   ○  serve-status-json   r2 · reported 1h        deepseek-v4.1-flash     architect-13   $0.03                                      
                                                                                                                                    
   ✓  27 done  ·  3 today  ·  last done-01 38m ago       .  show                                                                    
                                                                                                                                    
                                                                                                                                    
                                                                                                                                    
                                                                                                                                    
                                                                                                                                    
                                                                                                                                    
   ◌ gated  antigravity 1d  ·  openai 25d  ·  the pick skips them                                                                   

 enter  open      s  send      x  stop      D  done      g  gate      /  filter      :  command      ?  all keys      q  quit       