  ◆ relevo    fleet                                                                                   ● 2 need you     v0.13.0-28    14:02  
                                                                                                                                            
   6 live   2 need you   3 working   1 on hold   1 done                                                    sort attention · refreshed 0s ago
                                                                                                                                            
 ╭─ inbox  round 3 · report ready · 3m ───────────────────────────────────────────────────────────────────────────────────────────────────╮ 
 │  MasterMind you  ·  -  ·  relevo/inbox                                                                                                 │ 
 │                                                                                                                                        │ 
 │    enter  open round       s  send the next plan       o  shell       x  stop                                                          │ 
 ╰────────────────────────────────────────────────────────────────────────────────────────────────────────────────────────────────────────╯ 
                                                                                                                                            
     needs you   2    a builder is waiting on an answer                                                                                     
   ●  webshop             r4 · question · 2m      -                       architect-1    $9.40                                              
        ╰ which branch should r4 target?                                                                                                    
 ▍ ●  inbox               r3 · report ready · 3m  -                       you                                                               
                                                                                                                                            
     working   3    a round is running                                                                                                      
   ●  api                 r2 · working            -                       architect-1                                                       
   ●  atlas               r4 · working            -                       architect-1    $0.16                                              
   ●  worker              r2 · working            opencode-1              architect-1                                                       
                                                                                                                                            
     on hold   1    paused or held                                                                                                          
   ◐  ledger              r3 · paused             -                       architect-1   ~$1.63                                              
                                                                                                                                            
   ✓  1 done  ·  1 today  ·  last docs 3h ago       .  show                                                                                 
                                                                                                                                            
                                                                                                                                            
                                                                                                                                            
                                                                                                                                            
                                                                                                                                            
                                                                                                                                            
                                                                                                                                            
                                                                                                                                            
                                                                                                                                            
                                                                                                                                            
                                                                                                                                            
                                                                                                                                            
                                                                                                                                            
   ◌ gated  codex 1h  ·  the pick skips them                                                                                                

 enter  open      s  send      x  stop      D  done      g  gate      /  filter      :  command      ?  all keys      q  quit               