  ◆ relevo    fleet                                                                          ● 1 needs you     v0.13.0-28    14:02  
                                                                                                                                    
   7 live   1 needs you   2 working   4 idle   27 done                                             sort attention · refreshed 0s ago
                                                                                                                                    
 ╭─ spool-db  round 1 · quiet 17s · 5m ───────────────────────────────────────────────────────────────────────────────────────────╮ 
 │  MasterMind architect-2  ·  gemini-3.8-flash-high  ·  plan                                                                     │ 
 │                                                                                                                                │ 
 │    enter  open round       x  stop       g  gate       o  shell                                                                │ 
 ╰──────────────────────────╭─ retry on… ──────────────────────────────────────────────────────────────╮──────────────────────────╯ 
                            │ Retry spool-db round 1 on another candidate                              │                            
     needs you   1    a buil│                                                                          │                            
   ●  fix-433             r2│ gemini-3.8-flash-high      current          running round 1 now          │                            
        ╰ “Should the dedupe│ deepseek-v4.1-flash        ready                                         │                            
                            │ claude-sonnet-5            ready                                         │                            
     working   2    a round │                                                                          │                            
 ▍ ●  spool-db            r1│ Stops round 1, then sends its plan again on the chosen candidate.        │                            
   ●  tok-seg             r1│ The binding stays on it for later rounds.                                │                            
                            │                                                                          │                            
     idle   4    reported, w│  enter  retry    esc  cancel                                             │                            
   ○  oc-tui-a            r6╰──────────────────────────────────────────────────────────────────────────╯                            
   ○  oc-tui-probe        r4 · reported 48m       gemini-3.8-flash-high   architect-3     plan                                      
   ○  rl-tail             r2 · reported 31m       gemini-3.8-flash-high   architect-5     plan                                      
   ○  serve-status-json   r2 · reported 1h        deepseek-v4.1-flash     architect-13   $0.03                                      
                                                                                                                                    
   ✓  27 done  ·  3 today  ·  last done-01 38m ago       .  show                                                                    
                                                                                                                                    
                                                                                                                                    
                                                                                                                                    
                                                                                                                                    
                                                                                                                                    
                                                                                                                                    
   ◌ gated  antigravity 1d  ·  openai 25d  ·  the pick skips them                                                                   

 ↑↓  choose      enter  retry      esc  cancel                                                                                      