  ◆ relevo   fleet › spool-db ›  r1                          ● 1 needs you     v0.13.0-28    14:02  
                                                                                                    
    working    5m · quiet 17s      gemini-3.8-flash-high  ·  architect-2  ·  relevo/spool-db        
   tokens in 718k · cache 4.2M (85%) · out 64k · no price                  pid 1401366 since 13:57  
                                                                                                    
   prompt     report     transcript     diff     log                      round   [   r1 of 1   ]   
                                                                                                    
     prompt r1 · 13:57                                                                              
                                                                                                    
     Round diff and consult findings go straight into round_file                                    
                                                                                                    
     Date: 2026-09-24. Base: origin/main b66c6fcc (#441).                                           
     There is one round in this plan. builder.log, NNN-<id>-ask.md and NNN-plan.md                  
     are out of scope. Do not touch them.                                                           
                                                                                                    
     Scope                                                                                          
                                                                                                    
     • builder.log is out of scope.                                                                 
     • Do not touch them.                                                                           
                                                                                                    
     ```go                                                                                          
     func main() {}                                                                                 
     ```                                                                                            
                                                                                                    
                                                                                                    
                                                                                                    
                                                                                                    
                                                                                                    

 tab  next tab      [ ]  round      x  stop      :  command      ?  all keys      esc  back         