  ◆ relevo   fleet › review-568 ›  r1                                          v0.13.0-28    14:02  
                                                                                                    
    idle    artifact 9m  ·  2 artifacts  ·  12.4k  ·  repository unchanged                          
   tokens in 212k · cache 1.9M (90%) · out 18k · $0.42                                              
                                                                                                    
   prompt     artifacts 2     log     transcript                          round   [   r1 of 1   ]   
                                                                                                    
     FILE                          SIZE    WRITTEN   OPENS IN                                      █
     findings.md                   11.3k   14:00     pager                                         │
     summary.md                    1.1k    14:00     pager                                         │
                                                                                                   │
     findings.md · the reviewer's final message                                                    │
     findings                                                                                      │
                                                                                                   │
     • nothing to flag                                                                             │
     • the artifact directory survives the seal                                                    │
                                                                                                   │
     findings                                                                                      │
                                                                                                   │
     • nothing to flag                                                                             │
     • the artifact directory survives the seal                                                    │
                                                                                                   │
     findings                                                                                      │
                                                                                                   │
     • nothing to flag                                                                             │
     • the artifact directory survives the seal                                                    │
                                                                                                   │
     findings                                                                                      │

 enter  open file      tab  next tab      :  command      ?  all keys      esc  back                