  ◆ relevo   fleet › webshop ›  r3                                                                   ● 1 needs you     v0.13.0-28    14:02  
                                                                                                                                            
    needs you    question · 2m      -  ·  architect-1  ·  relevo/webshop  ·  dirty                                             round 3 of 4 
   tokens in 100 · cache 15.0M (100%) · write 50k · out 55k · $4.71 · spend $9.40                                                           
                                                                                                                                            
   prompt     report     transcript     diff     log                                                              round   [   r3 of 4   ]   
                                                                                                                                            
     remote · captured 0s ago · 2 lines                                                                                                     
                                                                                                                                            
     $ go test ./...                                                                                                                        
     ok      github.com/fuad-daoud/relevo/internal/ui    1.2s                                                                               
                                                                                                                                            
                                                                                                                                            
                                                                                                                                            
                                                                                                                                            
                                                                                                                                            
                                                                                                                                            
                                                                                                                                            
                                                                                                                                            
                                                                                                                                            
                                                                                                                                            
                                                                                                                                            
                                                                                                                                            
                                                                                                                                            
                                                                                                                                            
                                                                                                                                            
                                                                                                                                            
                                                                                                                                            
                                                                                                                                            
                                                                                                                                            
                                                                                                                                            
                                                                                                                                            
                                                                                                                                            
                                                                                                                                            
                                                                                                                                            
                                                                                                                                            
                                                                                                                                            
relevo: relevo status --name webshop                                                                                                        

 tab  next tab      [ ]  round      :  command      ?  all keys      esc  back                                                              