  ◆ relevo   fleet › oldapi ›  r3                                                                                      v0.13.0-28    14:02  
                                                                                                                                            
   oldapi · round 3 of 3 · archived 2026-08-01                                                           round 3 of 3 · archived 2026-08-01 
   no live facts for a released binding                                                                                                     
                                                                                                                                            
   prompt     report     transcript     diff     log                                                              round   [   r3 of 3   ]   
                                                                                                                                            
     prompt r3                                                                                                                              
                                                                                                                                            
     Round 3 plan                                                                                                                           
                                                                                                                                            
     Do the thing.                                                                                                                          
                                                                                                                                            
                                                                                                                                            
                                                                                                                                            
                                                                                                                                            
                                                                                                                                            
                                                                                                                                            
                                                                                                                                            
                                                                                                                                            
                                                                                                                                            
                                                                                                                                            
                                                                                                                                            
                                                                                                                                            
                                                                                                                                            
                                                                                                                                            
                                                                                                                                            
                                                                                                                                            
                                                                                                                                            
                                                                                                                                            
                                                                                                                                            
                                                                                                                                            
                                                                                                                                            
                                                                                                                                            
                                                                                                                                            
                                                                                                                                            
                                                                                                                                            
                                                                                                                                            

 tab  next tab      [ ]  round      :  command      ?  all keys      esc  back                                                              