  ◆ relevo   fleet › fix-433 ›  r2                                                           ● 1 needs you     v0.13.0-28    14:02  
                                                                                                                                    
    needs you    question · 3m      deepseek-v4.1-flash  ·  architect-3  ·  relevo/fix-433                      round 2 of 2 · live 
   tokens no usage yet · +2 commits · spend $0.03                                                                                   
                                                                                                                                    
   prompt     report     transcript     diff     log                                                      round   [   r2 of 2   ]   
                                                                                                                                    
     prompt r2 · 13:59                                                                                                              
                                                                                                                                    
     Fix 433 Plan                                                                                                                   
                                                                                                                                    
     Dedupe bindings across stores.                                                                                                 
                                                                                                                                    
                                                                                                                                    
                                                                                                                                    
                                                                                                                                    
                                                                                                                                    
                                                                                                                                    
                                                                                                                                    
                                                                                                                                    
                                                                                                                                    
                                                                                                                                    
                                                                                                                                    
                                                                                                                                    
                                                                                                                                    
                                                                                                                                    
                                                                                                                                    
                                                                                                                                    
                                                                                                                                    
                                                                                                                                    
                                                                                                                                    
                                                                                                                                    

 tab  next tab      [ ]  round      x  stop      g  gate      o  shell      :  command      ?  all keys      esc  back              