  ◆ relevo    settings                                                                                         v0.13.0-28    14:02  
                                                                                                                                    
   18 settings   3 set                                                                                                              
   SETTING                                                                         VALUE                   DEFAULT                  
   rounds ┈┈┈┈┈┈┈┈┈┈┈┈┈┈┈┈┈┈┈┈┈┈┈┈┈┈┈┈┈┈┈┈┈┈┈┈┈┈┈┈┈┈┈┈┈┈┈┈┈┈┈┈┈┈┈┈┈┈┈┈┈┈┈┈┈┈┈┈┈┈┈┈┈┈┈┈┈┈┈┈┈┈┈┈┈┈┈┈┈┈┈┈┈┈┈┈┈┈┈┈ 4 settings · 2 set   
   max_switches                                                                    2                       2                        
   max_tier                                                                        yolo                    edit                     
   verify.default                                                                  off                     off                      
   artifact_max_mb ╭─ check ────────────────────────────────────────────────────────────────────────────────────╮                   
   check ┈┈┈┈┈┈┈┈┈┈│                                                                                            │┈┈┈┈┈ 3 settings   
   gate.default    │ command                                     default none                                   │                   
   gate.timeout    │                                                                                            │                   
   gate.regate     │ timeout                                     default 10m                                    │                   
   timing ┈┈┈┈┈┈┈┈┈│                                                                                            │┈┈┈┈┈ 5 settings   
   limit_gate_defau│ repair rounds                               default 0                                      │                   
   stall_after     │                                                                                            │                   
   progress_interva│ builder has check on, so with none set its rounds run nothing.                             │                   
   explore_after   │                                                                                            │                   
   stale_after     │  enter  save       tab  next field       esc  cancel                                       │                   
   processes ┈┈┈┈┈┈╰────────────────────────────────────────────────────────────────────────────────────────────╯settings · 1 set   
   scope                                                                           on · no limits          on · no limits           
   serve.max_builders                                                              21                      21                       
   serve.scope                                                                     slice relevo.slice      as scope                 
   scan ┈┈┈┈┈┈┈┈┈┈┈┈┈┈┈┈┈┈┈┈┈┈┈┈┈┈┈┈┈┈┈┈┈┈┈┈┈┈┈┈┈┈┈┈┈┈┈┈┈┈┈┈┈┈┈┈┈┈┈┈┈┈┈┈┈┈┈┈┈┈┈┈┈┈┈┈┈┈┈┈┈┈┈┈┈┈┈┈┈┈┈┈┈┈┈┈┈┈┈┈┈┈┈┈┈┈┈┈┈┈ 2 settings   
   scan_patterns                                                                   none                    none                     
   classify                                                                        off                     off                      
   notify ┈┈┈┈┈┈┈┈┈┈┈┈┈┈┈┈┈┈┈┈┈┈┈┈┈┈┈┈┈┈┈┈┈┈┈┈┈┈┈┈┈┈┈┈┈┈┈┈┈┈┈┈┈┈┈┈┈┈┈┈┈┈┈┈┈┈┈┈┈┈┈┈┈┈┈┈┈┈┈┈┈┈┈┈┈┈┈┈┈┈┈┈┈┈┈┈┈┈┈┈┈┈┈┈┈┈┈┈┈ 1 setting   
   notify.webhooks                                                                 none                    none                     
                                                                                                                                    
   gate.default   none                                                                                                              
   The command relevo runs in a binding's tree when a writer round reports done; a failure opens a repair round while gate.regate   
   allows one. builder has check on, so with none set its rounds run nothing.                                                       

 enter  save      tab  next field      esc  cancel                                                                                  