  ◆ relevo    settings                                                                                         v0.13.0-28    14:02  
                                                                                                                                    
   18 settings   3 set                                                                                                              
                                                                                                                                    
   SETTING                                                                         VALUE                   DEFAULT                  
   rounds ┈┈┈┈┈┈┈┈┈╭─ serve.scope ──────────────────────────────────────────────────────────────────────────────╮settings · 2 set   
   max_switches    │                                                                                            │                   
   max_tier        │ enabled           on    off                                                                │                   
   verify.default  │                                                                                            │                   
   artifact_max_mb │ slice            relevo.slice               default: systemd's                             │                   
   check ┈┈┈┈┈┈┈┈┈┈│                                                                                            │┈┈┈┈┈ 3 settings   
   gate.default    │ cpu_weight                                  default 100                                    │                   
   gate.timeout    │                                                                                            │                   
   gate.regate     │ memory_max                                  default none · e.g. 8G                         │                   
   timing ┈┈┈┈┈┈┈┈┈│                                                                                            │┈┈┈┈┈ 5 settings   
   limit_gate_defau│ cpu_quota                                   default none · e.g. 200%                       │                   
   stall_after     │                                                                                            │                   
   progress_interva│ gate_cpu_quota                              default: cpu_quota                             │                   
   explore_after   │                                                                                            │                   
   stale_after     │ allowed_cpus                                default: no pinning · e.g. 0-3                 │                   
   processes ┈┈┈┈┈┈│                                                                                            │settings · 1 set   
   scope           │ tasks_max                                   default none                                   │o limits           
   serve.max_builde│                                                                                            │                   
   serve.scope     │ rounds relevo serve runs use this in place of scope                                        │pe                 
   scan ┈┈┈┈┈┈┈┈┈┈┈│                                                                                            │┈┈┈┈┈ 2 settings   
   scan_patterns   │  enter  save       tab  next field       esc  cancel       ←→  choose                      │                   
   classify        ╰────────────────────────────────────────────────────────────────────────────────────────────╯                   
   notify ┈┈┈┈┈┈┈┈┈┈┈┈┈┈┈┈┈┈┈┈┈┈┈┈┈┈┈┈┈┈┈┈┈┈┈┈┈┈┈┈┈┈┈┈┈┈┈┈┈┈┈┈┈┈┈┈┈┈┈┈┈┈┈┈┈┈┈┈┈┈┈┈┈┈┈┈┈┈┈┈┈┈┈┈┈┈┈┈┈┈┈┈┈┈┈┈┈┈┈┈┈┈┈┈┈┈┈┈┈ 1 setting   
   notify.webhooks                                                                 none                    none                     
                                                                                                                                    
   serve.scope   slice relevo.slice                                                                                                 
   The scope for rounds relevo serve runs; when set it replaces scope for them.                                                     

 enter  save      tab  next field      esc  cancel      ←→  choose                                                                  