  ◆ relevo   settings ›  notify.webhooks                                                                       v0.13.0-28    14:02  
                                                                                                                                    
   0 webhooks                                                                                                                       
                                                                                                                                    
   URL                                                                               FORMAT    EVENTS                               
   none yet                                                                                                                         
                                                                                                                                    
                                                                                                                                    
                   ╭─ add webhook ──────────────────────────────────────────────────────────────────────────────╮                   
                   │                                                                                            │                   
                   │ url                                                                                        │                   
                   │                                                                                            │                   
                   │ format            json    slack    discord                                                 │                   
                   │                                                                                            │                   
                   │ events                                      every event when empty                         │                   
                   │                                                                                            │                   
                   │    events: state_changed  round_started  fork_created  builder_stalled  binding_stale      │                   
                   │    state_changed:needs_you narrows state_changed to one state                              │                   
                   │                                                                                            │                   
                   │  enter  save       tab  next field       ←→  choose       esc  cancel                      │                   
                   ╰────────────────────────────────────────────────────────────────────────────────────────────╯                   
                                                                                                                                    
                                                                                                                                    
                                                                                                                                    
                                                                                                                                    
                                                                                                                                    
                                                                                                                                    
                                                                                                                                    
                                                                                                                                    
                                                                                                                                    
                                                                                                                                    
                                                                                                                                    

 enter  save      tab  next field      ←→  choose      esc  cancel                                                                  