  ◆ relevo    settings                                                                                         v0.13.0-28    14:02  
                                                                                                                                    
   23 settings   3 set                                                                                                              
   check ┈┈┈┈┈┈┈┈┈┈┈┈┈┈┈┈┈┈┈┈┈┈┈┈┈┈┈┈┈┈┈┈┈┈┈┈┈┈┈┈┈┈┈┈┈┈┈┈┈┈┈┈┈┈┈┈┈┈┈┈┈┈┈┈┈┈┈┈┈┈┈┈┈┈┈┈┈┈┈┈┈┈┈┈┈┈┈┈┈┈┈┈┈┈┈┈┈┈┈┈┈┈┈┈┈┈┈┈┈ 3 settings   
   gate.default                                                                    none                    none                     
   gate.timeout                                                                    10m                     10m                      
   gate.regate                                                                     0                       0                        
   timing ┈┈┈┈┈┈┈┈┈┈┈┈┈┈┈┈┈┈┈┈┈┈┈┈┈┈┈┈┈┈┈┈┈┈┈┈┈┈┈┈┈┈┈┈┈┈┈┈┈┈┈┈┈┈┈┈┈┈┈┈┈┈┈┈┈┈┈┈┈┈┈┈┈┈┈┈┈┈┈┈┈┈┈┈┈┈┈┈┈┈┈┈┈┈┈┈┈┈┈┈┈┈┈┈┈┈┈┈ 5 settings   
   limit_gate_defau╭─ check ────────────────────────────────────────────────────────────────────────────────────╮                   
   stall_after     │                                                                                            │                   
   progress_interva│ command                                     default none                                   │                   
   explore_after   │                                                                                            │                   
   stale_after     │ timeout                                     default 10m                                    │                   
   processes ┈┈┈┈┈┈│                                                                                            │settings · 1 set   
   scope           │ repair rounds                               default 0                                      │o limits           
   serve.max_builde│                                                                                            │                   
   serve.scope     │ builder has check on, so with none set its rounds run nothing.                             │pe                 
   scan ┈┈┈┈┈┈┈┈┈┈┈│                                                                                            │┈┈┈┈┈ 2 settings   
   scan_patterns   │  enter  save       tab  next field       esc  cancel                                       │                   
   classify        ╰────────────────────────────────────────────────────────────────────────────────────────────╯                   
   notify ┈┈┈┈┈┈┈┈┈┈┈┈┈┈┈┈┈┈┈┈┈┈┈┈┈┈┈┈┈┈┈┈┈┈┈┈┈┈┈┈┈┈┈┈┈┈┈┈┈┈┈┈┈┈┈┈┈┈┈┈┈┈┈┈┈┈┈┈┈┈┈┈┈┈┈┈┈┈┈┈┈┈┈┈┈┈┈┈┈┈┈┈┈┈┈┈┈┈┈┈┈┈┈┈┈┈┈┈┈ 1 setting   
   notify.webhooks                                                                 none                    none                     
   chain ┈┈┈┈┈┈┈┈┈┈┈┈┈┈┈┈┈┈┈┈┈┈┈┈┈┈┈┈┈┈┈┈┈┈┈┈┈┈┈┈┈┈┈┈┈┈┈┈┈┈┈┈┈┈┈┈┈┈┈┈┈┈┈┈┈┈┈┈┈┈┈┈┈┈┈┈┈┈┈┈┈┈┈┈┈┈┈┈┈┈┈┈┈┈┈┈┈┈┈┈┈┈┈┈┈┈┈┈┈ 5 settings   
   chain.max_corrections                                                           3                       3                        
   chain.reviewer_actor                                                            reviewer                reviewer                 
   chain.planner_actor                                                             lite-planner            lite-planner             
   chain.security_actor                                                            security                security                 
   chain.security                                                                  off                     off                      
                                                                                                                                    
   gate.default   none                                                                                                              
   The command relevo runs in a binding's tree when a writer round reports done; a failure opens a repair round while gate.regate   
   allows one. builder has check on, so with none set its rounds run nothing.                                                       

 enter  save      tab  next field      esc  cancel                                                                                  