  ◆ relevo    settings                                                         v0.13.0-28    14:02  
                                                                                                    
   18 settings   3 set                                                                              
                                                                                                    
   SETTING                                         VALUE                   DEFAULT                  
   rounds ┈┈┈┈┈┈┈┈┈┈┈┈┈┈┈┈┈┈┈┈┈┈┈┈┈┈┈┈┈┈┈┈┈┈┈┈┈┈┈┈┈┈┈┈┈┈┈┈┈┈┈┈┈┈┈┈┈┈┈┈┈┈┈┈┈┈┈┈ 4 settings · 2 set   
   max_switches                                    2                       2                        
   max_tier                                        yolo                    edit                     
   verify.default                                  off                     off                      
   artifact_max_mb                                 25                      25                       
   check ┈┈┈┈┈┈┈┈┈┈┈┈┈┈┈┈┈┈┈┈┈┈┈┈┈┈┈┈┈┈┈┈┈┈┈┈┈┈┈┈┈┈┈┈┈┈┈┈┈┈┈┈┈┈┈┈┈┈┈┈┈┈┈┈┈┈┈┈┈┈┈┈┈┈┈┈┈ 3 settings   
   gate.default                                    none                    none                     
   gate.timeout                                    10m                     10m                      
   gate.regate                                     0                       0                        
   timing ┈┈┈┈┈┈┈┈┈┈┈┈┈┈┈┈┈┈┈┈┈┈┈┈┈┈┈┈┈┈┈┈┈┈┈┈┈┈┈┈┈┈┈┈┈┈┈┈┈┈┈┈┈┈┈┈┈┈┈┈┈┈┈┈┈┈┈┈┈┈┈┈┈┈┈┈ 5 settings   
   limit_gate_default                              1h                      1h                       
   stall_after                                     15m                     15m                      
   progress_interval                               30s                     30s                      
   explore_after                                   20m                     20m                      
   stale_after                                     4h                      4h                       
   processes ┈┈┈┈┈┈┈┈┈┈┈┈┈┈┈┈┈┈┈┈┈┈┈┈┈┈┈┈┈┈┈┈┈┈┈┈┈┈┈┈┈┈┈┈┈┈┈┈┈┈┈┈┈┈┈┈┈┈┈┈┈┈┈┈┈ 3 settings · 1 set   
   scope                                           on · no limits          on · no limits           
   serve.max_builders                              21                      21                       
   serve.scope                                     slice relevo.slice      as scope                 
   scan ┈┈┈┈┈┈┈┈┈┈┈┈┈┈┈┈┈┈┈┈┈┈┈┈┈┈┈┈┈┈┈┈┈┈┈┈┈┈┈┈┈┈┈┈┈┈┈┈┈┈┈┈┈┈┈┈┈┈┈┈┈┈┈┈┈┈┈┈┈┈┈┈┈┈┈┈┈┈ 2 settings   
   scan_patterns                                   none                    none                     
   classify                                        off                     off                      
   notify ┈┈┈┈┈┈┈┈┈┈┈┈┈┈┈┈┈┈┈┈┈┈┈┈┈┈┈┈┈┈┈┈┈┈┈┈┈┈┈┈┈┈┈┈┈┈┈┈┈┈┈┈┈┈┈┈┈┈┈┈┈┈┈┈┈┈┈┈┈┈┈┈┈┈┈┈┈ 1 setting   
   notify.webhooks                                 none                    none                     
                                                                                                    
   max_switches   2                                                                                 
   How many times relevo may move one round to the next candidate after a rate limit or a failed    

 enter  edit      r  reset      :  command      ?  all keys      q  quit                            