  ◆ relevo   settings ›  notify.webhooks                                                                       v0.13.0-28    14:02  
                                                                                                                                    
   0 webhooks                                                                                                                       
                                                                                                                                    
   URL                                                                               FORMAT    EVENTS                               
   none yet                                                                                                                         
                                                                                                                                    
                                                                                                                                    
                                                                                                                                    
                                                                                                                                    
                                                                                                                                    
                                                                                                                                    
                                                                                                                                    
                                                                                                                                    
                                                                                                                                    
                                                                                                                                    
                                                                                                                                    
                                                                                                                                    
                                                                                                                                    
                                                                                                                                    
                                                                                                                                    
                                                                                                                                    
                                                                                                                                    
                                                                                                                                    
                                                                                                                                    
                                                                                                                                    
                                                                                                                                    
                                                                                                                                    
                                                                                                                                    
                                                                                                                                    
                                                                                                                                    
                                                                                                                                    

 a  add      e  edit      d  delete      :  command      ?  all keys      esc  back                                                 