  ◆ relevo    stats                                                                                            v0.13.0-28    14:02  
                                                                                                                                    
    overview     candidates     tokens     reliability     repos                                    window   7d   30d   90d   all   
                                                                                                                                    
   REPO                                                           RNDS  BINDINGS  DONE  HALTED  COMMITS   TOKENS         % TOKENS   
   scratch                                                           4         2     0       0        0     1.7M  ▇▇▇▇▇▇▇▇▇▇  96%   
   fuad-daoud/relevo                                                 1         1     0       0        0      55k               3%   
   (no repo)                                                         1         1     0       0        0      11k               1%   
                                                                                                                                    
                                                                                                                                    
   scratch                                                                                                                          
   4 rounds on 2 bindings   1.7M tokens, 96% of the window                                                                          
   0 done · 0 halted · 0 commits                                                                                                    
                                                                                                                                    
                                                                                                                                    
                                                                                                                                    
                                                                                                                                    
                                                                                                                                    
                                                                                                                                    
                                                                                                                                    
                                                                                                                                    
                                                                                                                                    
                                                                                                                                    
                                                                                                                                    
                                                                                                                                    
                                                                                                                                    
                                                                                                                                    
                                                                                                                                    
                                                                                                                                    
                                                                                                                                    
                                                                                                                                    
                                                                                                                                    

 ↑↓  move      space  expand      enter  its rounds      tab  next tab      w  window      :  command      ?  all keys      q  quit 