  ◆ relevo    stats                                                                                            v0.13.0-28    14:02  
                                                                                                                                    
    overview     candidates     tokens     reliability     repos                                    window   7d   30d   90d   all   
                                                                                                                                    
   REPO                                                           RNDS  BINDINGS  DONE  HALTED  COMMITS   TOKENS         % TOKENS   
   fuad-daoud/relevo                                                10         4     0       1        0     9.9M  ▇▇▇▇▇▇      56%   
   fuad-daoud/money                                                  5         3     0       0        0     5.5M  ▇▇▇         31%   
   fuad-daoud/site                                                   4         3     0       0        0     2.4M  ▇           13%   
                                                                                                                                    
                                                                                                                                    
   fuad-daoud/relevo   https://github.com/fuad-daoud/relevo                                                                         
   10 rounds on 4 bindings   9.9M tokens, 56% of the window                                                                         
   0 done · 1 halted · 0 commits                                                                                                    
   by candidate: deepseek-v4.1-flash 4 rounds · glm-5.3-flash 3 rounds · kimi-k3 2 rounds                                           
                                                                                                                                    
                                                                                                                                    
                                                                                                                                    
                                                                                                                                    
                                                                                                                                    
                                                                                                                                    
                                                                                                                                    
                                                                                                                                    
                                                                                                                                    
                                                                                                                                    
                                                                                                                                    
                                                                                                                                    
                                                                                                                                    
                                                                                                                                    
                                                                                                                                    
                                                                                                                                    
                                                                                                                                    
                                                                                                                                    

 ↑↓  move      space  expand      enter  its rounds      tab  next tab      w  window      :  command      ?  all keys      q  quit 