  ◆ relevo    stats                                                                                            v0.13.0-28    14:02  
                                                                                                                                    
    overview     candidates     tokens     reliability     repos                                    window   7d   30d   90d   all   
                                                                                                                more below · pgdn   
    total   candidate   provider   kind                                                                                             
                                                                                                                                    
   deepseek-v4.1-flash                                                                                                10.3M · 58%   
   6M ┤┈┈┈┈┈┈┈┈┈┈┈┈┈┈┈┈┈┈┈┈┈┈┈┈┈┈┈┈┈┈┈┈┈┈┈┈┈┈┈┈┈┈┈┈┈┈┈┈┈┈┈┈┈┈┈┈┈┈┈┈┈┈┈┈┈┈┈┈┈┈┈┈┈┈┈┈┈┈┈┈┈┈┈┈┈┈┈┈┈┈┈┈┈┈┈┈┈┈┈┈┈┈┈┈┈┈┈┈┈┈┈┈┈┈┈┈┈┈┈┈┈┈   
      │     ┊                           ┊                            ┊                           ┊                           ┊      
      │     ┊                           ┊                            ┊                           ┊                          ▄▄▄     
   4M ┤┈┈┈┈┈┈┈┈┈┈┈┈┈┈┈┈┈┈┈┈┈┈┈┈┈┈┈┈┈┈┈┈┈┈┈┈┈┈┈┈┈┈┈┈┈┈┈┈┈┈┈┈┈┈┈┈┈┈┈┈┈┈┈┈┈┈┈┈┈┈┈┈┈┈┈┈┈┈┈┈┈┈┈┈┈┈┈┈┈┈┈┈┈┈┈┈┈┈┈┈┈┈┈┈┈┈┈┈┈┈┈┈┈┈┈┈┈███┈┈   
      │     ┊                           ┊                            ┊                           ┊                          ███     
   2M ┤┈┈┈┈┈┈┈┈┈┈┈┈┈┈┈┈┈┈┈┈┈┈┈┈┈┈┈┈┈┈┈┈┈┈┈┈┈┈┈┈┈┈┈┈┈┈┈┈┈┈┈┈┈┈┈┈┈┈┈┈┈┈┈┈┈┈┈┈┈┈┈┈┈┈┈┈┈┈┈┈┈┈┈┈┈┈┈┈┈┈┈┈┈▆▆▆┈┈┈┈┈▆▆▆┈┈┈┈┈▆▆▆┈┈┈┈┈███┈┈   
      │     ┊                           ┊                            ┊                           ┊  ███     ███     ███     ███     
      │     ┊                           ┊                            ┊                           ┊  ███     ███     ███     ███     
    0 └─────┴───────────────────────────┴────────────────────────────┴───────────────────────────┴───────────────────────────┴───   
          08-20                       08-27                        09-03                       09-10                       09-17    
                                                                                                                                    
   gemini-3.8-flash-high                                                                                               5.2M · 29%   
   6M ┤┈┈┈┈┈┈┈┈┈┈┈┈┈┈┈┈┈┈┈┈┈┈┈┈┈┈┈┈┈┈┈┈┈┈┈┈┈┈┈┈┈┈┈┈┈┈┈┈┈┈┈┈┈┈┈┈┈┈┈┈┈┈┈┈┈┈┈┈┈┈┈┈┈┈┈┈┈┈┈┈┈┈┈┈┈┈┈┈┈┈┈┈┈┈┈┈┈┈┈┈┈┈┈┈┈┈┈┈┈┈┈┈┈┈┈┈┈┈┈┈┈┈   
      │     ┊                           ┊                            ┊                           ┊                           ┊      
      │     ┊                           ┊                            ┊                           ┊                           ┊      
   4M ┤┈┈┈┈┈┈┈┈┈┈┈┈┈┈┈┈┈┈┈┈┈┈┈┈┈┈┈┈┈┈┈┈┈┈┈┈┈┈┈┈┈┈┈┈┈┈┈┈┈┈┈┈┈┈┈┈┈┈┈┈┈┈┈┈┈┈┈┈┈┈┈┈┈┈┈┈┈┈┈┈┈┈┈┈┈┈┈┈┈┈┈┈┈┈┈┈┈┈┈┈┈┈┈┈┈┈┈┈┈┈┈┈┈┈┈┈┈┈┈┈┈┈   
      │     ┊                           ┊                            ┊                           ┊                           ┊      
   2M ┤┈┈┈┈┈┈┈┈┈┈┈┈┈┈┈┈┈┈┈┈┈┈┈┈┈┈┈┈┈┈┈┈┈┈┈┈┈┈┈┈┈┈┈┈┈┈┈┈┈┈┈┈┈┈┈┈┈┈┈┈┈┈┈┈┈┈┈┈┈┈┈┈┈┈┈┈┈┈┈┈┈┈┈┈┈┈┈┈┈┈┈┈┈┈┈┈┈┈┈┈┈┈┈┈┈┈┈┈┈┈┈┈┈┈┈┈┈▆▆▆┈┈   
      │     ┊                           ┊                            ┊                           ┊  ▃▃▃     ▃▃▃     ▃▃▃     ███     
      │     ┊                           ┊                            ┊                           ┊  ███     ███     ███     ███     
    0 └─────┴───────────────────────────┴────────────────────────────┴───────────────────────────┴───────────────────────────┴───   
          08-20                       08-27                        09-03                       09-10                       09-17    
                                                                                                                                    
   glm-5.3-flash                                                                                                        1.4M · 8%   
   6M ┤┈┈┈┈┈┈┈┈┈┈┈┈┈┈┈┈┈┈┈┈┈┈┈┈┈┈┈┈┈┈┈┈┈┈┈┈┈┈┈┈┈┈┈┈┈┈┈┈┈┈┈┈┈┈┈┈┈┈┈┈┈┈┈┈┈┈┈┈┈┈┈┈┈┈┈┈┈┈┈┈┈┈┈┈┈┈┈┈┈┈┈┈┈┈┈┈┈┈┈┈┈┈┈┈┈┈┈┈┈┈┈┈┈┈┈┈┈┈┈┈┈┈   

 ↑↓  scroll      s  split      tab  next tab      w  window      :  command      ?  all keys      q  quit                           