  ◆ relevo    stats                                                            v0.13.0-28    14:02  
                                                                                                    
    overview     candidates     tokens     reliability     repos    window   7d   30d   90d   all   
                                                                                                    
   ROUNDS                  TOKENS                  CACHE                   OUTPUT                   
   6                       2.5M                    98%                     50k                      
   1 halted · 1 open · 2…  5 rounds measured       of input served from …  10k per round            
                                                                                                    
                                                                                                    
   TOKENS                                                                                           
   1.5M ┤┈┈┈┈┈┈┈┈┈┈┈┈┈┈┈┈┈┈┈┈┈┈┈┈┈┈┈┈┈┈┈┈┈┈┈┈┈┈┈┈┈┈┈┈┈┈┈┈┈┈┈┈┈┈┈┈┈┈┈┈┈┈┈┈┈┈┈┈┈┈┈┈┈┈┈┈┈┈┈┈┈┈┈┈┈┈┈┈   
        │        ┊                     ┊                     ┊             ▃▃▃▃▃▃▃▃▃▃▃▃▃▃▃▃▃        
        │        ┊                     ┊                     ┊             █████████████████        
     1M ┤▆▆▆▆▆▆▆▆▆▆▆▆▆▆▆▆▆┈┈┈┈┈┈┈┈┈┈┈┈┈┈┈┈┈┈┈┈┈┈┈┈┈┈┈┈┈┈┈┈┈┈┈┈┈┈┈┈┈┈┈┈┈┈┈┈┈█████████████████┈┈┈┈┈   
        │█████████████████             ┊                     ┊             █████████████████        
   500k ┤█████████████████┈┈┈┈┈▁▁▁▁▁▁▁▁▁▁▁▁▁▁▁▁▁┈┈┈┈┈┈┈┈┈┈┈┈┈┈┈┈┈┈┈┈┈┈┈┈┈┈┈█████████████████┈┈┈┈┈   
        │█████████████████     █████████████████             ┊             █████████████████        
        │█████████████████     █████████████████             ┊             █████████████████        
      0 └────────┴─────────────────────┴─────────────────────┴─────────────────────┴─────────────   
               09-16                 09-17                 09-18                 09-19              
                                                                                                    
   CANDIDATE                                                  RNDS  DONE   IN/RND  OUT/RND  CACHE   
   opencode/cline-pass/deepseek-v4.1-flash                       5   75%   557.5k      10k    99%   
   agy/antigravity/claude-sonnet-4-6                             2  100%     210k      10k    95%   
                                                                                                    
   REPO                                                            RNDS   TOKENS         % TOKENS   
   fuad-daoud/relevo                                                  5     2.4M  ▇▇▇▇▇▇▇▇▇▇  96%   
   (no repo)                                                          1     100k               4%   

 ↑↓  move      ←→  table      enter  its rounds      :  command      ?  all keys      q  quit       