  ◆ relevo    stats                                                                                            v0.13.0-28    14:02  
                                                                                                                                    
    overview     candidates     tokens     reliability     repos                                    window   7d   30d   90d   all   
                                                                                                                                    
   REPO                                                           RNDS  BINDINGS  DONE  HALTED  COMMITS   TOKENS         % TOKENS   
   fuad-daoud/relevo                                                 3         2     0       0        0     2.2M  ▇▇▇▇▇▇▇▇    82%   
     cockpit                                                         2         1     0       0        0       2M  ▇▇▇▇▇▇▇     74%   
       #665                                                          1         1     0       0        0       1M  ▇▇▇▇        37%   
     (no feature)                                                    1         1     0       0        0     220k  ▇            8%   
   fuad-daoud/money                                                  2         2     0       0        0     440k  ▇▇          16%   
   fuad-daoud/site                                                   1         1     0       0        0      55k               2%   
                                                                                                                                    
                                                                                                                                    
   cockpit   feature                                                                                                                
   2 rounds on 1 binding   2M tokens, 74% of the window                                                                             
   0 done · 0 halted · 0 commits                                                                                                    
                                                                                                                                    
                                                                                                                                    
                                                                                                                                    
                                                                                                                                    
                                                                                                                                    
                                                                                                                                    
                                                                                                                                    
                                                                                                                                    
                                                                                                                                    
                                                                                                                                    
                                                                                                                                    
                                                                                                                                    
                                                                                                                                    
                                                                                                                                    
                                                                                                                                    
                                                                                                                                    

 ↑↓  move      space  expand      enter  its rounds      tab  next tab      w  window      :  command      ?  all keys      q  quit 