  ◆ relevo    stats                                                                                            v0.13.0-28    14:02  
                                                                                                                                    
    overview     candidates     tokens     reliability     repos                                    window   7d   30d   90d   all   
                                                                                                                                    
   ROUNDS                          TOKENS                          CACHE                           OUTPUT                           
   19                              17.7M                           94%                             660k                             
   1 halted · 1 open · 27m median  18 rounds measured              of input served from cache      36.7k per round                  
                                                                                                                                    
                                                                                                                                    
   TOKENS                                                                                                                           
   8M ┤┈┈┈┈┈┈┈┈┈┈┈┈┈┈┈┈┈┈┈┈┈┈┈┈┈┈┈┈┈┈┈┈┈┈┈┈┈┈┈┈┈┈┈┈┈┈┈┈┈┈┈┈┈┈┈┈┈┈┈┈┈┈┈┈┈┈┈┈┈┈┈┈┈┈┈┈┈┈┈┈┈┈┈┈┈┈┈┈┈┈┈┈┈┈┈┈┈┈┈┈┈┈┈┈┈┈┈┈┈┈┈┈┈┈┈┈┈┈┈┈┈┈   
      │     ┊                           ┊                            ┊                           ┊                          ▆▆▆     
   6M ┤┈┈┈┈┈┈┈┈┈┈┈┈┈┈┈┈┈┈┈┈┈┈┈┈┈┈┈┈┈┈┈┈┈┈┈┈┈┈┈┈┈┈┈┈┈┈┈┈┈┈┈┈┈┈┈┈┈┈┈┈┈┈┈┈┈┈┈┈┈┈┈┈┈┈┈┈┈┈┈┈┈┈┈┈┈┈┈┈┈┈┈┈┈┈┈┈┈┈┈┈┈┈┈┈┈┈┈┈┈┈┈┈┈┈┈┈┈███┈┈   
      │     ┊                           ┊                            ┊                           ┊                          ███     
   4M ┤┈┈┈┈┈┈┈┈┈┈┈┈┈┈┈┈┈┈┈┈┈┈┈┈┈┈┈┈┈┈┈┈┈┈┈┈┈┈┈┈┈┈┈┈┈┈┈┈┈┈┈┈┈┈┈┈┈┈┈┈┈┈┈┈┈┈┈┈┈┈┈┈┈┈┈┈┈┈┈┈┈┈┈┈┈┈┈┈┈┈┈┈┈▃▃▃┈┈┈┈┈▃▃▃┈┈┈┈┈▃▃▃┈┈┈┈┈███┈┈   
      │     ┊                           ┊                            ┊                           ┊  ███     ███     ███     ███     
   2M ┤┈┈┈┈┈┈┈┈┈┈┈┈┈┈┈┈┈┈┈┈┈┈┈┈┈┈┈┈┈┈┈┈┈┈┈┈┈┈┈┈┈┈┈┈┈┈┈┈┈┈┈┈┈┈┈┈┈┈┈┈┈┈┈┈┈┈┈┈┈┈┈┈┈┈┈┈┈┈┈┈┈┈┈┈┈┈┈┈┈┈┈┈┈███┈┈┈┈┈███┈┈┈┈┈███┈┈┈┈┈███┈┈   
      │     ┊                           ┊                            ┊                           ┊  ███ ▂▂▂ ███ ▂▂▂ ███ ▂▂▂ ███     
    0 └─────┴───────────────────────────┴────────────────────────────┴───────────────────────────┴───────────────────────────┴───   
          08-20                       08-27                        09-03                       09-10                       09-17    
                                                                                                                                    
   CANDIDATE                 RNDS  DONE   IN/RND  OUT/RND  CACHE   REPO                            RNDS   TOKENS         % TOKENS   
   deepseek-v4.1-flash          6   80%       2M      60k    99%   fuad-daoud/relevo                 10     9.9M  ▇▇▇▇▇▇      56%   
   gemini-3.8-flash-high        5  100%       1M      40k    88%   fuad-daoud/money                   5     5.5M  ▇▇▇         31%   
   glm-5.3-flash                5  100%     250k      20k    80%   fuad-daoud/site                    4     2.4M  ▇           13%   
   kimi-k3                      2  100%     250k      20k    80%                                                                    
   qwen-4-coder                 1  100%     250k      20k    80%                                                                    
                                                                                                                                    
                                                                                                                                    
                                                                                                                                    
                                                                                                                                    
                                                                                                                                    

 ↑↓  move      ←→  table      enter  its rounds      tab  next tab      w  window      :  command      ?  all keys      q  quit     