  ◆ relevo    workflows                                                                                        v0.13.0-28    14:02  
                                                                                                                                    
   3 workflows   2 saved   1 shipped                                                                                                
                                                                                                                                    
   NAME                             ORIGIN   DESCRIPTION                         INPUTS                PARAMS                       
   default                          shipped  plans built, checked and reviewed…  plans required        builder=builder, reviewer…   
   audit-only                       saved    one reader round per plan           plans required · ta…  none                         
   fix-first                        saved    build once, then check              task required         gate=make check              
                                                                                                                                    
                                                                                                                                    
   fix-first   saved                                                                                                                
   inputs task required                                                                                                             
   params gate=make check                                                                                                           
                                                                                                                                    
                                                                                                                                    
                                                                                                                                    
                                                                                                                                    
                                                                                                                                    
                                                                                                                                    
                                                                                                                                    
                                                                                                                                    
                                                                                                                                    
                                                                                                                                    
                                                                                                                                    
                                                                                                                                    
                                                                                                                                    
                                                                                                                                    
                                                                                                                                    
                                                                                                                                    
                                                                                                                                    
                                                                                                                                    
                                                                                                                                    

 ↑↓  move      :  command      ?  all keys      q  quit                rule 1: start "ghost" is not a step; the editor is open again