  ◆ relevo    workflows                                                                                        v0.13.0-28    14:02  
                                                                                                                                    
   3 workflows   2 saved   1 shipped                                                                                                
                                                                                                                                    
   NAME                             ORIGIN   DESCRIPTION                         INPUTS                PARAMS                       
   default                          shipped  plans built, checked and reviewed…  plans required        builder=builder, reviewer…   
   audit-only                       saved    one reader round per plan           plans required · ta…  none                         
   fix-first                        saved    build once, then check              task required         gate=make check              
                                                                                                                                    
                                                                                                                                    
   default   shippe╭─ add workflow ─────────────────────────────────────────────────────────────────────────────╮                   
   inputs plans req│                                                                                            │                   
   params builder=b│ path       ~/workflows/broken.yaml                                                         │                   
                   │            rule 1: start "ghost" is not a step                                             │                   
                   │            step build: rule 2: run names unknown actor "nobody"                            │                   
                   │                                                                                            │                   
                   │  enter  add       esc  cancel                                                              │                   
                   ╰────────────────────────────────────────────────────────────────────────────────────────────╯                   
                                                                                                                                    
                                                                                                                                    
                                                                                                                                    
                                                                                                                                    
                                                                                                                                    
                                                                                                                                    
                                                                                                                                    
                                                                                                                                    
                                                                                                                                    
                                                                                                                                    
                                                                                                                                    
                                                                                                                                    
                                                                                                                                    
                                                                                                                                    

 enter  add      esc  cancel                                                                                                        