  ◆ relevo    workflows                                                                                        v0.13.0-28    14:02  
                                                                                                                                    
   3 workflows   2 saved   1 shipped                                                                                                
                                                                                                                                    
   NAME                             ORIGIN   DESCRIPTION                         INPUTS                PARAMS                       
   default                          shipped  plans built, checked and reviewed…  plans required        builder=builder, reviewer…   
   audit-only                       saved    one reader round per plan           plans required · ta…  none                         
   fix-first                        saved    build once, then check              task required         gate=make check              
                                                                                                                                    
                            ╭─ remove workflow ────────────────────────────────────────────────────────╮                            
   audit-only   saved       │                                                                          │                            
   inputs plans required · t│ Remove workflow audit-only?                                              │                            
   params none              │                                                                          │                            
                            │ source     goes with it                                                  │                            
                            │ others     are kept                                                      │                            
                            │                                                                          │                            
                            │  y  remove       n  cancel      any other key cancels                    │                            
                            │                                                                          │                            
                            ╰──────────────────────────────────────────────────────────────────────────╯                            
                                                                                                                                    
                                                                                                                                    
                                                                                                                                    
                                                                                                                                    
                                                                                                                                    
                                                                                                                                    
                                                                                                                                    
                                                                                                                                    
                                                                                                                                    
                                                                                                                                    
                                                                                                                                    
                                                                                                                                    
                                                                                                                                    

 y  remove      n  cancel                                                                                                           