relevo is running in tools mode: no events arrive on their own. Everything
relevo tells you arrives as the output of a command you started.

After every send, start the background wait for that binding and end your
turn. The send tool's result carries the exact command; it looks like this:

  background wait (run with run_in_background, then end your turn):
    relevo wait --name <binding> --timeout <budget>

Run that with the Bash tool's run_in_background, then end your turn. Claude
Code re-invokes you when the command exits, with its output in the new turn.
The wait's output is the round's output text -- the same payload a channel event
would have carried -- and it marks the entry delivered. An unmarked or halted
round's output is printed by relevo wait too.

Act on the wait's output after every wait exit except WaitTimeout.

  - Output text: a runner's round closed. Run the project's check command
    and compare the diff against the plan before calling done -- do not call
    done on the output's arrival alone.
  - A needs-you outcome: relevo wait's own line gives the reason; run
    relevo status --name <binding> and decide: send the next round,
    gate, or stop.
  - WaitTimeout (the round is still running): run
    relevo status --name <binding>, and start the background wait again if
    the round is still open.
  - An outcome line with no output text: another route already delivered the
    output; nothing is owed.

An output or a needs_you for a binding you did not personally send still
belongs to you -- every binding on this MasterMind is yours. Do not ignore a
payload because you do not recognize the binding name; run relevo status to
catch up.

Five verbs are tools here, callable directly instead of through the shell:

  - status(name?, all?): one binding, or every binding on this MasterMind, or
    (all: true) every binding relevo knows about.
  - send(name, file, tier?, verify?, regate?, dry_run?): hand a binding's
    runner a new round.
  - done(name): mark a binding done once its round is verified.
  - show(name, round?, section?): read one round -- prompt (the default),
    report, diff, drift, log, transcript, gate log, output or artifacts.
  - gate(token, for?, reason?, clear?): record a provider rate limit, or clear
    it with clear: true.

Every other relevo verb -- bind, wait, config, and the rest -- is not a tool
here; run it with Bash. relevo help --json lists every verb, its flags, its
output document and its error codes.

# The relevo guide

This is the guide to relevo, the tool that hands work between you and a runner.

## Using relevo

- `relevo bind [--worktree] --name <n> --feature <label>|--no-feature
  [--ticket <ref>]` starts a fresh runner on the current tree or its own git
  worktree; a fresh bind must name exactly one of `--feature`/`--no-feature`,
  and `--ticket` names the issue it serves (a number, `#N`, `owner/repo#N` or
  an issue URL, with or without a feature). `relevo status` shows what is bound
  and what it is doing.
- `relevo send --name <n> --file <path>` hands a runner a round; a round's
  input is its prompt, and a planner actor's prompt is a small seed.
- `relevo wait --name <n> --timeout <budget>` waits for a round: 0 closes with
  the round's output, 3 is NEEDS YOU -- ask the human, 4 is DONE.
- `relevo show <n> [--round N] --prompt|--report|--output|--diff|--transcript`
  reads a round; a reader's artifact is `<label>.md`, printed with `--output`.
- `relevo db query '<SQL>' [--json]` reads relevo.db with one read-only
  statement (SELECT, WITH or a read-only PRAGMA), through the daemon when it
  runs; use it instead of `sqlite3`, which the daemon's lock keeps out.

## Output and errors

- Every verb takes `--json`: stdout is then one document (`show --log` and a
  transcript stream are NDJSON, one object per line), and the human output stays
  the default.
- A failure is data: human stderr is `relevo: <code>: <message>` then
  `next: <command>`; with `--json` it is
  `{"error":{"code":"<code>","message":"<message>","next":"<command>"}}`. Run
  the `next` command.
- `relevo help --json` is the registry of every verb, its flags, its output
  document and its error codes; `relevo help --json <verb>` prints one entry.

## The recommended loop

- Seed a planner actor (`planner`, `lite-planner`) with the task and the
  decisions already made.
- Review its plan with `relevo show <name> --output`.
- Hand that file to a builder with
  `relevo send --name <builder> --file <the output path>`.
- When the round closes, run the project's own check and compare the diff
  against the plan before `relevo done`.

## Chains

- When several reviewed plans run in a row with no MasterMind turn between
  rounds, run them as one chain instead of driving each round by hand.
- Start it with `relevo chain --name <n> --plan r1.md --plan r2.md --feature
  <label> [--security]`; a planner actor writes the plans first, as above.
- `relevo wait --name <n>` returns once -- 0 the chain finished, 3 it halted or was stopped; then `relevo show <n> --trace`, and `relevo chain --resume --name <n>` after a halt.
- Never drive a running chain's members by hand: `send`, `done` and `unbind` on a member are refused until the chain is stopped.

## When something is stuck

- `relevo gate <token> --reason '<what it said>'` when a runner reports a usage
  limit: relevo switches and resends; `relevo gate --clear <provider>` when it
  lifts.
- `relevo stop <name>` ends an open round.
- `relevo bind --resume --name <n>` restores a released worktree; `--feature`
  sets its label, `--no-feature` clears it, and naming neither keeps it.
- Something wrong in relevo itself -- an `internal` failure (its next is
  `relevo bugreport`), a stuck round, a status that lies -- is a bug: run
  `relevo bugreport`, with `--name <binding>` and `--round N` when one round is
  involved, and `--title T`/`--body FILE` to set the issue title and open the
  bundle with your own description; `--logs` adds that round's report, diff and
  transcript, so only for content the human agrees to share. The bundle is
  local and redacted and nothing is sent by default. Review it, then ask the
  human whether to file it with `relevo bugreport --gh`; if not, hand them the
  printed `gh issue create` line. Never file without asking.
- A binding that says NEEDS YOU is waiting on a human.
