GET /v1/whoami 401 not_enrolled
GET /v1/candidates 401 not_enrolled
POST /v1/bindings 401 not_enrolled
GET /v1/bindings 401 not_enrolled
GET /v1/bindings/test-binding 401 not_enrolled
POST /v1/bindings/test-binding/done 401 not_enrolled
POST /v1/bindings/test-binding/unbind 401 not_enrolled
POST /v1/bindings/test-binding/stop 401 not_enrolled
POST /v1/bindings/test-binding/resume 401 not_enrolled
POST /v1/bindings/test-binding/rounds 401 not_enrolled
GET /v1/bindings/test-binding/rounds/1/files/report 401 not_enrolled
GET /v1/bindings/test-binding/rounds/1/artifacts 401 not_enrolled
GET /v1/bindings/test-binding/rounds/1/artifacts/findings.md 401 not_enrolled
GET /v1/bindings/test-binding/rounds/1/bundle 401 not_enrolled
POST /v1/bindings/test-binding/rounds/1/ack 401 not_enrolled
POST /v1/bindings/test-binding/unavailable 401 not_enrolled
POST /v1/unavailable 401 not_enrolled
POST /v1/available 401 not_enrolled
GET /v1/nope 404 not_found
