format 10
abandoned_sessions[].attempts
abandoned_sessions[].id
abandoned_sessions[].kind
actor
base
base_ref
branch
candidate
consult_cap
consults[].actor
consults[].ask_path
consults[].endpoint.agent_name
consults[].endpoint.kind
consults[].endpoint.last_known
consults[].endpoint.last_shipped
consults[].endpoint.log_path
consults[].endpoint.mode
consults[].endpoint.pane_id
consults[].endpoint.pid
consults[].endpoint.remote_live.at
consults[].endpoint.remote_live.diff.added
consults[].endpoint.remote_live.diff.files
consults[].endpoint.remote_live.diff.removed
consults[].endpoint.remote_live.exit_code
consults[].endpoint.remote_live.exploring_since
consults[].endpoint.remote_live.gating_since
consults[].endpoint.remote_live.last_progress_at
consults[].endpoint.remote_live.pid
consults[].endpoint.remote_live.prior_tokens.cache_read
consults[].endpoint.remote_live.prior_tokens.cache_write
consults[].endpoint.remote_live.prior_tokens.in
consults[].endpoint.remote_live.prior_tokens.out
consults[].endpoint.remote_live.started_at
consults[].endpoint.remote_live.tail[]
consults[].endpoint.remote_live.usage.cost.basis
consults[].endpoint.remote_live.usage.cost.plan
consults[].endpoint.remote_live.usage.cost.usd
consults[].endpoint.remote_live.usage.duration_ms
consults[].endpoint.remote_live.usage.first_output_p50_ms
consults[].endpoint.remote_live.usage.harness
consults[].endpoint.remote_live.usage.model
consults[].endpoint.remote_live.usage.note
consults[].endpoint.remote_live.usage.provider
consults[].endpoint.remote_live.usage.samples
consults[].endpoint.remote_live.usage.step_p50_ms
consults[].endpoint.remote_live.usage.steps
consults[].endpoint.remote_live.usage.tokens.cache_read
consults[].endpoint.remote_live.usage.tokens.cache_write
consults[].endpoint.remote_live.usage.tokens.in
consults[].endpoint.remote_live.usage.tokens.out
consults[].endpoint.remote_live.usage.tool_calls
consults[].endpoint.remote_queue.ahead
consults[].endpoint.remote_queue.cap
consults[].endpoint.remote_queue.position
consults[].endpoint.remote_queue.running
consults[].endpoint.remote_queue.since
consults[].endpoint.remote_status
consults[].endpoint.server
consults[].endpoint.session_id
consults[].endpoint.started_at
consults[].endpoint.stream_offset
consults[].endpoint.stream_round
consults[].endpoint.stream_segments[].kind
consults[].endpoint.stream_segments[].start
consults[].endpoint.stream_session_id
consults[].endpoint.stream_start
consults[].endpoint.transcript_locator
consults[].findings_path
consults[].id
consults[].note
consults[].nudged_at
consults[].round
consults[].spawned_at
consults[].state
created_at
cwd
edges[].added_at
edges[].fired
edges[].fired_at
edges[].id
edges[].mode
edges[].prompt
edges[].result
edges[].round
edges[].target
edges[].then
edges[].when
existing_branch
exploring_since
feature
finish_pending
forked_at_round
forked_from
format
gate
gate_run.attempt
gate_run.command
gate_run.pid
gate_run.round
gate_run.started_at
gate_timeout_ms
halt
halt_at
halt_notified_round
held_grace
landed_at
landed_pr
last_gate_sig
last_verdict.findings
last_verdict.reasons[]
last_verdict.round
last_verdict.verdict
link.id
link.installation
name
oom_requeue.at
oom_requeue.running
owner
planner.agent_name
planner.kind
planner.last_known
planner.last_shipped
planner.log_path
planner.mode
planner.pane_id
planner.pid
planner.remote_live.at
planner.remote_live.diff.added
planner.remote_live.diff.files
planner.remote_live.diff.removed
planner.remote_live.exit_code
planner.remote_live.exploring_since
planner.remote_live.gating_since
planner.remote_live.last_progress_at
planner.remote_live.pid
planner.remote_live.prior_tokens.cache_read
planner.remote_live.prior_tokens.cache_write
planner.remote_live.prior_tokens.in
planner.remote_live.prior_tokens.out
planner.remote_live.started_at
planner.remote_live.tail[]
planner.remote_live.usage.cost.basis
planner.remote_live.usage.cost.plan
planner.remote_live.usage.cost.usd
planner.remote_live.usage.duration_ms
planner.remote_live.usage.first_output_p50_ms
planner.remote_live.usage.harness
planner.remote_live.usage.model
planner.remote_live.usage.note
planner.remote_live.usage.provider
planner.remote_live.usage.samples
planner.remote_live.usage.step_p50_ms
planner.remote_live.usage.steps
planner.remote_live.usage.tokens.cache_read
planner.remote_live.usage.tokens.cache_write
planner.remote_live.usage.tokens.in
planner.remote_live.usage.tokens.out
planner.remote_live.usage.tool_calls
planner.remote_queue.ahead
planner.remote_queue.cap
planner.remote_queue.position
planner.remote_queue.running
planner.remote_queue.since
planner.remote_status
planner.server
planner.session_id
planner.started_at
planner.stream_offset
planner.stream_round
planner.stream_segments[].kind
planner.stream_segments[].start
planner.stream_session_id
planner.stream_start
planner.transcript_locator
planner_id
planner_screen
planner_screen_at
progress.output
progress.output_at
progress.sampled_at
progress.tree
progress.tree_at
queued_at
regate
remote_absorb_failures
remote_bundle_failures
remote_unreachable_since
repair_count
repo
repo_ref.common_dir
repo_ref.origin_url
round
round_baseline_head
round_baseline_tree
round_cap
round_closed_tree
round_cpu
round_excluded[]
round_oom_kills
round_started_at
round_switches
round_tier
round_timeout_ms
round_verify
runner.agent_name
runner.kind
runner.last_known
runner.last_shipped
runner.log_path
runner.mode
runner.pane_id
runner.pid
runner.remote_live.at
runner.remote_live.diff.added
runner.remote_live.diff.files
runner.remote_live.diff.removed
runner.remote_live.exit_code
runner.remote_live.exploring_since
runner.remote_live.gating_since
runner.remote_live.last_progress_at
runner.remote_live.pid
runner.remote_live.prior_tokens.cache_read
runner.remote_live.prior_tokens.cache_write
runner.remote_live.prior_tokens.in
runner.remote_live.prior_tokens.out
runner.remote_live.started_at
runner.remote_live.tail[]
runner.remote_live.usage.cost.basis
runner.remote_live.usage.cost.plan
runner.remote_live.usage.cost.usd
runner.remote_live.usage.duration_ms
runner.remote_live.usage.first_output_p50_ms
runner.remote_live.usage.harness
runner.remote_live.usage.model
runner.remote_live.usage.note
runner.remote_live.usage.provider
runner.remote_live.usage.samples
runner.remote_live.usage.step_p50_ms
runner.remote_live.usage.steps
runner.remote_live.usage.tokens.cache_read
runner.remote_live.usage.tokens.cache_write
runner.remote_live.usage.tokens.in
runner.remote_live.usage.tokens.out
runner.remote_live.usage.tool_calls
runner.remote_queue.ahead
runner.remote_queue.cap
runner.remote_queue.position
runner.remote_queue.running
runner.remote_queue.since
runner.remote_status
runner.server
runner.session_id
runner.started_at
runner.stream_offset
runner.stream_round
runner.stream_segments[].kind
runner.stream_segments[].start
runner.stream_session_id
runner.stream_start
runner.transcript_locator
runner_missing_since
runner_screen
runner_screen_at
serve.acked_round
serve.author_email
serve.author_name
serve.bare_repo
serve.closed_round
serve.dirty_commit
serve.last_seen
serve.repo_id
serve.result_commit
shape
stale_notified_at
stale_since
stalled_since
state
stop_grace_ms
stop_requested_at
ticket
tier
updated_at
worktree
