[{"Key":"#607","Rounds":2,"Reported":1,"Halted":0,"Exited":0,"Switched":0,"DoneNoReport":0,"Open":1,"Commits":1,"Tokens":0,"CostUSD":0,"Unknown":2,"Last":"<TIME>","Rows":null},{"Key":"o/r#607","Rounds":1,"Reported":1,"Halted":0,"Exited":0,"Switched":0,"DoneNoReport":0,"Open":0,"Commits":2,"Tokens":0,"CostUSD":0,"Unknown":1,"Last":"<TIME>","Rows":null}]
