[{"BindingID":"<ID>","BindingName":"hist-alpha","Repo":null,"Feature":null,"Number":1,"StartedAt":"<TIME>","ClosedAt":"<TIME>","Outcome":"reported","Actor":"builder","Candidate":null,"Harness":null,"Provider":null,"Model":null,"Commits":2,"Tree":null,"GateResult":null,"CostUSD":null,"CostBasis":null,"InTokens":null,"CacheTokens":null,"WriteTokens":null,"OutTokens":null,"ReportOutcome":"done","Mode":null,"Server":null,"DurationMS":1800000,"Switches":0,"Archived":false,"ArchivedAt":null}]
