[{"Key":"-","Rounds":3,"Reported":2,"Halted":0,"Exited":0,"Switched":0,"DoneNoReport":0,"Open":1,"Commits":3,"Tokens":0,"CostUSD":0,"Unknown":3,"Last":"<TIME>","Rows":null},{"Key":"cp1","Rounds":1,"Reported":0,"Halted":0,"Exited":1,"Switched":0,"DoneNoReport":0,"Open":0,"Commits":0,"Tokens":0,"CostUSD":0,"Unknown":1,"Last":"<TIME>","Rows":null}]
