{"planner":{"id":"<PLANNER>","name":"architect-1"},"now":"<TIME>","rows":[{"name":"webshop","round":2,"display":"ACTIVE","needs_you":true,"report_in":false,"report_round":1,"harness":"","candidate":"","on":"","waiting":"report in","clock":"--","tokens":"","last_kind":"report","last_ts":"<TIME>","route":"pull","actor":"builder","status":"NEEDS YOU","tone":"needs","reason":"report in"}]}
