    relevo · dashboard   (all rounds)   by:candidate                                                          / filter  b regroup  s sort  d fleet  r refresh   
   3 rounds   3.7M tokens   2 done   1 halted   19m median                                                                                                      
   CANDIDATE                                                                      RNDS  BINDINGS   DONE  HALTED  COMMITS   TOKENS         % TOKENS       LAST   
   agy/antigravity/claude-sonnet-4-6                                                 1         1      1       0        3       2M  ▇▇▇▇▇       54%     sep 18   
   claude/anthropic/sonnet                                                           2         1      1       1        1     1.7M  ▇▇▇▇▇       46%     sep 20   
                                                                                                                                                                
                                                                                                                                                                
                                                                                                                                                                
                                                                                                                                                                
                                                                                                                                                                
                                                                                                                                                                
                                                                                                                                                                
                                                                                                                                                                
                                                                                                                                                                
                                                                                                                                                                
                                                                                                                                                                
                                                                                                                                                                
                                                                                                                                                                
                                                                                                                                                                
                                                                                                                                                                
                                                                                                                                                                
                                                                                                                                                                
                                                                                                                                                                
                                                                                                                                                                
                                                                                                                                                                
                                                                                                                                                                
                                                                                                                                                                
                                                                                                                                                                
                                                                                                                                                                
                                                                                                                                                                
                                                                                                                                                                
                                                                                                                                                                
                                                                                                                                                                
                                                                                                                                                                
                                                                                                                                                                
                                                                                                                                                                
                                                                                                                                                                
                                                                                                                                                                
                                                                                                                                                                
                                                                                                                                                                